[backblue.gif]
[fade.gif]
[index.html]
[www.millionairemoneymachine.co/images/bg.jpg]
[www.millionairemoneymachine.co/img/board-count.png]
[j.maxmind.com/app/geoip.js]
[ajax.googleapis.com/ajax/libs/jquery/1.10.2/jquery.min.js]
[code.jquery.com/jquery-latest.min.js]
[ajax.googleapis.com/ajax/libs/mootools/1.4.5/mootools-yui-compressed.js]
[jwpsrv.com/library/PNP7RmoFEeK5GyIACp8kUw.js]
[www.millionairemoneymachine.co/expop/ExPop-2-js.php]
[www.millionairemoneymachine.co/images/vid800x.png]
[www.millionairemoneymachine.co/player/player.swf]
[www.millionairemoneymachine.co/images/logoarrow.png]
[www.millionairemoneymachine.co/images/gsf.png]
[app.getresponse.com/view_webform2947.js]
[www.millionairemoneymachine.co/images/exmmm.png]
[www.millionairemoneymachine.co/index.html]
[code.jquery.com/jquery-latest.min.js]
[www.millionairemoneymachine.co/expop/ExPop-2.css]
[app.getresponse.com/view_webform2947.js]
[www.millionairemoneymachine.co/terms.html]
[www.visitorbarscript.com/exit.html]
[www.millionairemoneymachine.co/no.html]
