[backblue.gif]
[fade.gif]
[index.html]
[www.millionairemoneymachine.co/images/bg.jpg]
[www.millionairemoneymachine.co/img/board-count.png]
[j.maxmind.com/app/geoip.js]
[ajax.googleapis.com/ajax/libs/jquery/1.10.2/jquery.min.js]
[code.jquery.com/jquery-latest.min.js]
[ajax.googleapis.com/ajax/libs/mootools/1.4.5/mootools-yui-compressed.js]
[jwpsrv.com/library/PNP7RmoFEeK5GyIACp8kUw.js]
[www.millionairemoneymachine.co/images/vid800x.png]
[www.millionairemoneymachine.co/images/logoarrow.png]
[www.millionairemoneymachine.co/members/images/livebanner.png]
[www.millionairemoneymachine.co/members/images/tesibg.png]
[www.millionairemoneymachine.co/members/images/tp/lp.png]
[www.millionairemoneymachine.co/members/images/tp/sb.png]
[www.millionairemoneymachine.co/members/images/tp/bh.png]
[www.millionairemoneymachine.co/members/images/tp/mb.png]
[www.millionairemoneymachine.co/members/Support.png]
[www.millionairemoneymachine.co/members/images/biglogo.png]
[www.millionairemoneymachine.co/members/index97d7.html]
[code.jquery.com/jquery-latest.min.js]
